src/components/Approvals.tsx(64,8): error TS2554: Expected 2 arguments, but got 3.
src/components/Approvals.tsx(65,7): error TS2304: Cannot find name 'handleFirestoreError'.
src/components/Approvals.tsx(65,35): error TS2304: Cannot find name 'OperationType'.
src/components/Layout.tsx(2,25): error TS2307: Cannot find module 'firebase/auth' or its corresponding type declarations.
src/components/Layout.tsx(30,21): error TS2307: Cannot find module '../../logos/logocompleto.png' or its corresponding type declarations.
src/components/Login.tsx(5,21): error TS2307: Cannot find module '../../logos/logocompleto.png' or its corresponding type declarations.
src/components/PublicReport.tsx(17,21): error TS2307: Cannot find module '../../logos/logocompleto.png' or its corresponding type declarations.
src/components/Reports.tsx(138,8): error TS2554: Expected 2 arguments, but got 3.
src/components/Reports.tsx(139,7): error TS2304: Cannot find name 'handleFirestoreError'.
src/components/Reports.tsx(139,35): error TS2304: Cannot find name 'OperationType'.
src/components/Reports.tsx(167,7): error TS2304: Cannot find name 'handleFirestoreError'.
src/components/Reports.tsx(167,35): error TS2304: Cannot find name 'OperationType'.
src/components/Reports.tsx(187,9): error TS2304: Cannot find name 'handleFirestoreError'.
src/components/Reports.tsx(187,37): error TS2304: Cannot find name 'OperationType'.
